== Resources

[cols="a,a",options="header,autowidth"]
|===
|Name |Type
|https://registry.terraform.io/providers/hashicorp/aws/latest/docs/data-sources/caller_identity[aws_caller_identity.current] |data source
|https://registry.terraform.io/providers/hashicorp/aws/latest/docs/data-sources/caller_identity[aws_caller_identity.ident] |data source
|===