{
  "header": "",
  "footer": "",
  "inputs": [],
  "modules": [],
  "outputs": [],
  "providers": [],
  "requirements": [],
  "resources": []
}